// Jest Snapshot v1, https://goo.gl/fbAQLP

exports[`AnnualTargetHours should render a table with correct headers 1`] = `"<div><div class=\\"accruals-container\\"><form class=\\"grey-border\\"><h1 class=\\"govuk-heading-m newline\\">No agreement has been found</h1><table class=\\"govuk-table\\"><tbody class=\\"govuk-table__body\\"><tr class=\\"govuk-table__row\\"><th scope=\\"row\\" class=\\"govuk-table__header\\">Total</th><td class=\\"govuk-table__cell govuk-table__cell--numeric\\">-</td></tr><tr class=\\"govuk-table__row\\"><th scope=\\"row\\" class=\\"govuk-table__header\\">Worked</th><td class=\\"govuk-table__cell govuk-table__cell--numeric\\">-</td></tr><tr class=\\"govuk-table__row\\"><th scope=\\"row\\" class=\\"govuk-table__header\\">Remaining</th><td class=\\"govuk-table__cell govuk-table__cell--numeric\\">-</td></tr><tr class=\\"govuk-table__row\\"><th scope=\\"row\\" class=\\"govuk-table__header\\">Target</th><td class=\\"govuk-table__cell govuk-table__cell--numeric\\">-</td></tr></tbody></table></form></div></div>"`;
